// Jest Snapshot v1, https://goo.gl/fbAQLP

exports[`renders every variant of Text with children as content 1`] = `
Array [
  <Text
    style={
      Array [
        Object {
          "color": "rgba(28, 27, 31, 1)",
          "fontSize": 57,
          "fontWeight": "400",
          "letterSpacing": 0,
          "lineHeight": 64,
        },
        Object {
          "textAlign": "left",
        },
        Object {
          "writingDirection": "ltr",
        },
        undefined,
      ]
    }
  >
    Something rendered as a child content
  </Text>,
  <Text
    style={
      Array [
        Object {
          "color": "rgba(28, 27, 31, 1)",
          "fontSize": 45,
          "fontWeight": "400",
          "letterSpacing": 0,
          "lineHeight": 52,
        },
        Object {
          "textAlign": "left",
        },
        Object {
          "writingDirection": "ltr",
        },
        undefined,
      ]
    }
  >
    Something rendered as a child content
  </Text>,
  <Text
    style={
      Array [
        Object {
          "color": "rgba(28, 27, 31, 1)",
          "fontSize": 36,
          "fontWeight": "400",
          "letterSpacing": 0,
          "lineHeight": 44,
        },
        Object {
          "textAlign": "left",
        },
        Object {
          "writingDirection": "ltr",
        },
        undefined,
      ]
    }
  >
    Something rendered as a child content
  </Text>,
  <Text
    style={
      Array [
        Object {
          "color": "rgba(28, 27, 31, 1)",
          "fontSize": 32,
          "fontWeight": "400",
          "letterSpacing": 0,
          "lineHeight": 40,
        },
        Object {
          "textAlign": "left",
        },
        Object {
          "writingDirection": "ltr",
        },
        undefined,
      ]
    }
  >
    Something rendered as a child content
  </Text>,
  <Text
    style={
      Array [
        Object {
          "color": "rgba(28, 27, 31, 1)",
          "fontSize": 28,
          "fontWeight": "400",
          "letterSpacing": 0,
          "lineHeight": 36,
        },
        Object {
          "textAlign": "left",
        },
        Object {
          "writingDirection": "ltr",
        },
        undefined,
      ]
    }
  >
    Something rendered as a child content
  </Text>,
  <Text
    style={
      Array [
        Object {
          "color": "rgba(28, 27, 31, 1)",
          "fontSize": 24,
          "fontWeight": "400",
          "letterSpacing": 0,
          "lineHeight": 32,
        },
        Object {
          "textAlign": "left",
        },
        Object {
          "writingDirection": "ltr",
        },
        undefined,
      ]
    }
  >
    Something rendered as a child content
  </Text>,
  <Text
    style={
      Array [
        Object {
          "color": "rgba(28, 27, 31, 1)",
          "fontSize": 22,
          "fontWeight": "400",
          "letterSpacing": 0,
          "lineHeight": 28,
        },
        Object {
          "textAlign": "left",
        },
        Object {
          "writingDirection": "ltr",
        },
        undefined,
      ]
    }
  >
    Something rendered as a child content
  </Text>,
  <Text
    style={
      Array [
        Object {
          "color": "rgba(28, 27, 31, 1)",
          "fontSize": 16,
          "fontWeight": "500",
          "letterSpacing": 0.15,
          "lineHeight": 24,
        },
        Object {
          "textAlign": "left",
        },
        Object {
          "writingDirection": "ltr",
        },
        undefined,
      ]
    }
  >
    Something rendered as a child content
  </Text>,
  <Text
    style={
      Array [
        Object {
          "color": "rgba(28, 27, 31, 1)",
          "fontSize": 14,
          "fontWeight": "500",
          "letterSpacing": 0.1,
          "lineHeight": 20,
        },
        Object {
          "textAlign": "left",
        },
        Object {
          "writingDirection": "ltr",
        },
        undefined,
      ]
    }
  >
    Something rendered as a child content
  </Text>,
  <Text
    style={
      Array [
        Object {
          "color": "rgba(28, 27, 31, 1)",
          "fontSize": 16,
          "fontWeight": "400",
          "letterSpacing": 0.15,
          "lineHeight": 24,
        },
        Object {
          "textAlign": "left",
        },
        Object {
          "writingDirection": "ltr",
        },
        undefined,
      ]
    }
  >
    Something rendered as a child content
  </Text>,
  <Text
    style={
      Array [
        Object {
          "color": "rgba(28, 27, 31, 1)",
          "fontSize": 14,
          "fontWeight": "400",
          "letterSpacing": 0.25,
          "lineHeight": 20,
        },
        Object {
          "textAlign": "left",
        },
        Object {
          "writingDirection": "ltr",
        },
        undefined,
      ]
    }
  >
    Something rendered as a child content
  </Text>,
  <Text
    style={
      Array [
        Object {
          "color": "rgba(28, 27, 31, 1)",
          "fontSize": 12,
          "fontWeight": "400",
          "letterSpacing": 0.4,
          "lineHeight": 16,
        },
        Object {
          "textAlign": "left",
        },
        Object {
          "writingDirection": "ltr",
        },
        undefined,
      ]
    }
  >
    Something rendered as a child content
  </Text>,
  <Text
    style={
      Array [
        Object {
          "color": "rgba(28, 27, 31, 1)",
          "fontSize": 14,
          "fontWeight": "500",
          "letterSpacing": 0.1,
          "lineHeight": 20,
        },
        Object {
          "textAlign": "left",
        },
        Object {
          "writingDirection": "ltr",
        },
        undefined,
      ]
    }
  >
    Something rendered as a child content
  </Text>,
  <Text
    style={
      Array [
        Object {
          "color": "rgba(28, 27, 31, 1)",
          "fontSize": 12,
          "fontWeight": "500",
          "letterSpacing": 0.5,
          "lineHeight": 16,
        },
        Object {
          "textAlign": "left",
        },
        Object {
          "writingDirection": "ltr",
        },
        undefined,
      ]
    }
  >
    Something rendered as a child content
  </Text>,
  <Text
    style={
      Array [
        Object {
          "color": "rgba(28, 27, 31, 1)",
          "fontSize": 11,
          "fontWeight": "500",
          "letterSpacing": 0.5,
          "lineHeight": 16,
        },
        Object {
          "textAlign": "left",
        },
        Object {
          "writingDirection": "ltr",
        },
        undefined,
      ]
    }
  >
    Something rendered as a child content
  </Text>,
]
`;
