// Jest Snapshot v1, https://goo.gl/fbAQLP

exports[`renders menu with content styles 1`] = `
<View
  collapsable={false}
>
  <View
    style={
      Object {
        "shadowColor": "#000",
        "shadowOffset": Object {
          "height": 0,
          "width": 0,
        },
        "shadowOpacity": 0,
        "shadowRadius": 0,
      }
    }
  >
    <View
      style={
        Object {
          "shadowColor": "#000",
          "shadowOffset": Object {
            "height": 0,
            "width": 0,
          },
          "shadowOpacity": 0,
          "shadowRadius": 0,
        }
      }
    >
      <View
        style={
          Object {
            "backgroundColor": "transparent",
            "borderColor": "rgba(121, 116, 126, 1)",
            "borderRadius": 20,
            "borderStyle": "solid",
            "borderWidth": 1,
            "minWidth": 64,
          }
        }
      >
        <View
          accessibilityRole="button"
          accessibilityState={
            Object {
              "disabled": undefined,
            }
          }
          accessible={true}
          focusable={false}
          onClick={[Function]}
          onResponderGrant={[Function]}
          onResponderMove={[Function]}
          onResponderRelease={[Function]}
          onResponderTerminate={[Function]}
          onResponderTerminationRequest={[Function]}
          onStartShouldSetResponder={[Function]}
          style={
            Array [
              Object {
                "overflow": "hidden",
              },
              Object {
                "borderRadius": 20,
              },
            ]
          }
        >
          <View
            style={
              Array [
                Object {
                  "alignItems": "center",
                  "flexDirection": "row",
                  "justifyContent": "center",
                },
                undefined,
              ]
            }
          >
            <Text
              numberOfLines={1}
              selectable={false}
              style={
                Array [
                  Object {
                    "color": "rgba(28, 27, 31, 1)",
                    "fontSize": 14,
                    "fontWeight": "500",
                    "letterSpacing": 0.1,
                    "lineHeight": 20,
                  },
                  Object {
                    "textAlign": "left",
                  },
                  Object {
                    "writingDirection": "ltr",
                  },
                  Array [
                    Object {
                      "marginHorizontal": 16,
                      "marginVertical": 9,
                      "textAlign": "center",
                    },
                    false,
                    Object {
                      "marginHorizontal": 24,
                      "marginVertical": 10,
                    },
                    undefined,
                    false,
                    Object {
                      "color": "rgba(103, 80, 164, 1)",
                      "fontFamily": "System",
                      "fontSize": 14,
                      "fontWeight": "500",
                      "letterSpacing": 0.1,
                      "lineHeight": 20,
                    },
                    undefined,
                  ],
                ]
              }
            >
              Open menu
            </Text>
          </View>
        </View>
      </View>
    </View>
  </View>
</View>
`;

exports[`renders not visible menu 1`] = `
<View
  collapsable={false}
>
  <View
    style={
      Object {
        "shadowColor": "#000",
        "shadowOffset": Object {
          "height": 0,
          "width": 0,
        },
        "shadowOpacity": 0,
        "shadowRadius": 0,
      }
    }
  >
    <View
      style={
        Object {
          "shadowColor": "#000",
          "shadowOffset": Object {
            "height": 0,
            "width": 0,
          },
          "shadowOpacity": 0,
          "shadowRadius": 0,
        }
      }
    >
      <View
        style={
          Object {
            "backgroundColor": "transparent",
            "borderColor": "rgba(121, 116, 126, 1)",
            "borderRadius": 20,
            "borderStyle": "solid",
            "borderWidth": 1,
            "minWidth": 64,
          }
        }
      >
        <View
          accessibilityRole="button"
          accessibilityState={
            Object {
              "disabled": undefined,
            }
          }
          accessible={true}
          focusable={false}
          onClick={[Function]}
          onResponderGrant={[Function]}
          onResponderMove={[Function]}
          onResponderRelease={[Function]}
          onResponderTerminate={[Function]}
          onResponderTerminationRequest={[Function]}
          onStartShouldSetResponder={[Function]}
          style={
            Array [
              Object {
                "overflow": "hidden",
              },
              Object {
                "borderRadius": 20,
              },
            ]
          }
        >
          <View
            style={
              Array [
                Object {
                  "alignItems": "center",
                  "flexDirection": "row",
                  "justifyContent": "center",
                },
                undefined,
              ]
            }
          >
            <Text
              numberOfLines={1}
              selectable={false}
              style={
                Array [
                  Object {
                    "color": "rgba(28, 27, 31, 1)",
                    "fontSize": 14,
                    "fontWeight": "500",
                    "letterSpacing": 0.1,
                    "lineHeight": 20,
                  },
                  Object {
                    "textAlign": "left",
                  },
                  Object {
                    "writingDirection": "ltr",
                  },
                  Array [
                    Object {
                      "marginHorizontal": 16,
                      "marginVertical": 9,
                      "textAlign": "center",
                    },
                    false,
                    Object {
                      "marginHorizontal": 24,
                      "marginVertical": 10,
                    },
                    undefined,
                    false,
                    Object {
                      "color": "rgba(103, 80, 164, 1)",
                      "fontFamily": "System",
                      "fontSize": 14,
                      "fontWeight": "500",
                      "letterSpacing": 0.1,
                      "lineHeight": 20,
                    },
                    undefined,
                  ],
                ]
              }
            >
              Open menu
            </Text>
          </View>
        </View>
      </View>
    </View>
  </View>
</View>
`;

exports[`renders visible menu 1`] = `
<View
  collapsable={false}
>
  <View
    style={
      Object {
        "shadowColor": "#000",
        "shadowOffset": Object {
          "height": 0,
          "width": 0,
        },
        "shadowOpacity": 0,
        "shadowRadius": 0,
      }
    }
  >
    <View
      style={
        Object {
          "shadowColor": "#000",
          "shadowOffset": Object {
            "height": 0,
            "width": 0,
          },
          "shadowOpacity": 0,
          "shadowRadius": 0,
        }
      }
    >
      <View
        style={
          Object {
            "backgroundColor": "transparent",
            "borderColor": "rgba(121, 116, 126, 1)",
            "borderRadius": 20,
            "borderStyle": "solid",
            "borderWidth": 1,
            "minWidth": 64,
          }
        }
      >
        <View
          accessibilityRole="button"
          accessibilityState={
            Object {
              "disabled": undefined,
            }
          }
          accessible={true}
          focusable={false}
          onClick={[Function]}
          onResponderGrant={[Function]}
          onResponderMove={[Function]}
          onResponderRelease={[Function]}
          onResponderTerminate={[Function]}
          onResponderTerminationRequest={[Function]}
          onStartShouldSetResponder={[Function]}
          style={
            Array [
              Object {
                "overflow": "hidden",
              },
              Object {
                "borderRadius": 20,
              },
            ]
          }
        >
          <View
            style={
              Array [
                Object {
                  "alignItems": "center",
                  "flexDirection": "row",
                  "justifyContent": "center",
                },
                undefined,
              ]
            }
          >
            <Text
              numberOfLines={1}
              selectable={false}
              style={
                Array [
                  Object {
                    "color": "rgba(28, 27, 31, 1)",
                    "fontSize": 14,
                    "fontWeight": "500",
                    "letterSpacing": 0.1,
                    "lineHeight": 20,
                  },
                  Object {
                    "textAlign": "left",
                  },
                  Object {
                    "writingDirection": "ltr",
                  },
                  Array [
                    Object {
                      "marginHorizontal": 16,
                      "marginVertical": 9,
                      "textAlign": "center",
                    },
                    false,
                    Object {
                      "marginHorizontal": 24,
                      "marginVertical": 10,
                    },
                    undefined,
                    false,
                    Object {
                      "color": "rgba(103, 80, 164, 1)",
                      "fontFamily": "System",
                      "fontSize": 14,
                      "fontWeight": "500",
                      "letterSpacing": 0.1,
                      "lineHeight": 20,
                    },
                    undefined,
                  ],
                ]
              }
            >
              Open menu
            </Text>
          </View>
        </View>
      </View>
    </View>
  </View>
</View>
`;
